member=sneha_singh smoke=False device=cuda
epochs=100 batch=4 lr=0.0002 lambda_cycle=10.0 lambda_id=50.0 pool=50
epoch 1 g=30.9069 d=0.4193 cycle=5.4685 id=24.4994 grad=inf nan=0
epoch 2 g=25.2869 d=0.2221 cycle=4.5063 id=19.5024 grad=549.9861 nan=0
epoch 3 g=23.7614 d=0.2273 cycle=4.2391 id=18.1682 grad=505.7825 nan=0
epoch 4 g=22.1459 d=0.1564 cycle=4.0001 id=16.7670 grad=481.5382 nan=0
epoch 5 g=21.5087 d=0.1697 cycle=3.8808 id=16.2809 grad=475.4751 nan=0
epoch 6 g=20.8075 d=0.1870 cycle=3.8075 id=15.6672 grad=nan nan=0
epoch 7 g=19.8339 d=0.1893 cycle=3.6261 id=14.8784 grad=442.5149 nan=0
epoch 8 g=19.2101 d=0.1721 cycle=3.5286 id=14.3049 grad=444.8317 nan=0
epoch 9 g=19.2651 d=0.1619 cycle=3.5739 id=14.2867 grad=448.5905 nan=0
epoch 10 g=18.8767 d=0.1496 cycle=3.4893 id=13.9285 grad=442.5793 nan=0
epoch 11 g=17.9232 d=0.2137 cycle=3.3472 id=13.1864 grad=425.5988 nan=0
epoch 12 g=17.6728 d=0.3134 cycle=3.3066 id=12.8455 grad=422.5017 nan=0
epoch 13 g=16.7694 d=0.3296 cycle=3.1647 id=12.4541 grad=397.0712 nan=0
epoch 14 g=16.3939 d=0.2158 cycle=3.0911 id=12.1124 grad=386.7322 nan=0
epoch 15 g=16.4264 d=0.1794 cycle=3.0915 id=12.0322 grad=395.9971 nan=0
epoch 16 g=16.6456 d=0.1542 cycle=3.1766 id=12.0633 grad=407.0455 nan=0
epoch 17 g=16.2008 d=0.1660 cycle=3.0857 id=11.7281 grad=401.9142 nan=0
epoch 18 g=15.9195 d=0.1556 cycle=3.0265 id=11.4550 grad=388.2807 nan=0
epoch 19 g=15.7092 d=0.1554 cycle=3.0201 id=11.2542 grad=394.2252 nan=0
epoch 20 g=15.4516 d=0.1590 cycle=2.9475 id=11.0705 grad=384.1874 nan=0
epoch 21 g=15.1244 d=0.1617 cycle=2.9138 id=10.7810 grad=387.5778 nan=0
epoch 22 g=14.9939 d=0.1467 cycle=2.8805 id=10.6443 grad=nan nan=0
epoch 23 g=14.8217 d=0.1559 cycle=2.8460 id=10.5036 grad=372.5579 nan=0
epoch 24 g=14.6926 d=0.1552 cycle=2.8106 id=10.4341 grad=372.7954 nan=0
epoch 25 g=14.6361 d=0.2359 cycle=2.8528 id=10.4216 grad=372.9678 nan=0
epoch 26 g=14.4093 d=0.1543 cycle=2.7854 id=10.1925 grad=nan nan=0
epoch 27 g=14.3052 d=0.1765 cycle=2.7425 id=10.1238 grad=362.2966 nan=0
epoch 28 g=14.1930 d=0.1512 cycle=2.7359 id=10.0360 grad=363.7220 nan=0
epoch 29 g=14.3440 d=0.1245 cycle=2.7421 id=10.0496 grad=363.0317 nan=0
epoch 30 g=13.8330 d=0.1518 cycle=2.6593 id=9.7078 grad=350.6194 nan=0
epoch 31 g=13.8558 d=0.1454 cycle=2.6667 id=9.7144 grad=347.9900 nan=0
epoch 32 g=13.4161 d=0.1537 cycle=2.5947 id=9.3416 grad=341.3431 nan=0
epoch 33 g=13.7720 d=0.1408 cycle=2.6504 id=9.6115 grad=355.4184 nan=0
epoch 34 g=13.2167 d=0.1668 cycle=2.5482 id=9.2438 grad=338.1151 nan=0
epoch 35 g=13.3746 d=0.1364 cycle=2.5741 id=9.2901 grad=339.7762 nan=0
epoch 36 g=13.8882 d=0.1345 cycle=2.6738 id=9.6658 grad=342.0856 nan=0
epoch 37 g=13.3207 d=0.1301 cycle=2.5501 id=9.2234 grad=332.6768 nan=0
epoch 38 g=13.0558 d=0.1420 cycle=2.5045 id=9.0421 grad=321.3169 nan=0
epoch 39 g=12.9719 d=0.1365 cycle=2.4917 id=8.9559 grad=328.3337 nan=0
epoch 40 g=12.9831 d=0.1258 cycle=2.5087 id=8.9076 grad=inf nan=0
epoch 41 g=12.8020 d=0.1345 cycle=2.4695 id=8.7957 grad=319.8775 nan=0
epoch 42 g=13.0185 d=0.1195 cycle=2.5204 id=8.9245 grad=326.1052 nan=0
epoch 43 g=12.9478 d=0.1199 cycle=2.4627 id=8.9001 grad=nan nan=0
epoch 44 g=12.6737 d=0.2253 cycle=2.4273 id=8.6358 grad=309.3181 nan=0
epoch 45 g=12.1254 d=0.1622 cycle=2.3521 id=8.4110 grad=307.8807 nan=0
epoch 46 g=12.4655 d=0.1316 cycle=2.3938 id=8.5465 grad=305.4339 nan=0
epoch 47 g=12.4231 d=0.1162 cycle=2.3960 id=8.4456 grad=nan nan=0
epoch 48 g=12.1381 d=0.3084 cycle=2.3620 id=8.3842 grad=295.0074 nan=0
epoch 49 g=11.8842 d=0.1678 cycle=2.3280 id=8.2020 grad=298.2345 nan=0
epoch 50 g=11.9925 d=0.1400 cycle=2.3335 id=8.1959 grad=294.7041 nan=0
epoch 51 g=12.6334 d=0.1023 cycle=2.4389 id=8.5538 grad=309.8805 nan=0
epoch 52 g=12.2636 d=0.1220 cycle=2.3968 id=8.3023 grad=297.1372 nan=0
epoch 53 g=11.5536 d=0.1293 cycle=2.2452 id=7.7748 grad=281.6415 nan=0
epoch 54 g=11.6390 d=0.1292 cycle=2.2709 id=7.8219 grad=nan nan=0
epoch 55 g=11.6895 d=0.1302 cycle=2.2787 id=7.8717 grad=288.5514 nan=0
epoch 56 g=11.4850 d=0.1253 cycle=2.2273 id=7.7089 grad=279.5147 nan=0
epoch 57 g=11.6289 d=0.1204 cycle=2.2366 id=7.8291 grad=286.8118 nan=0
epoch 58 g=11.6794 d=0.1150 cycle=2.2468 id=7.8470 grad=292.9248 nan=0
epoch 59 g=11.9194 d=0.0973 cycle=2.2854 id=7.9800 grad=293.6834 nan=0
epoch 60 g=11.4003 d=0.1106 cycle=2.1995 id=7.5865 grad=277.5496 nan=0
epoch 61 g=11.1534 d=0.1116 cycle=2.1659 id=7.3898 grad=279.4841 nan=0
epoch 62 g=10.9814 d=0.1127 cycle=2.1167 id=7.2792 grad=274.6124 nan=0
epoch 63 g=11.0803 d=0.1003 cycle=2.1574 id=7.2750 grad=274.4643 nan=0
epoch 64 g=10.9428 d=0.1156 cycle=2.1346 id=7.2220 grad=279.8126 nan=0
epoch 65 g=10.8444 d=0.0992 cycle=2.0877 id=7.1230 grad=nan nan=0
epoch 66 g=10.9587 d=0.1074 cycle=2.1224 id=7.2225 grad=284.8847 nan=0
epoch 67 g=10.6356 d=0.1077 cycle=2.0692 id=6.9623 grad=274.0468 nan=0
epoch 68 g=10.3441 d=0.1092 cycle=2.0280 id=6.7130 grad=269.2181 nan=0
epoch 69 g=10.7016 d=0.0904 cycle=2.0808 id=6.9528 grad=285.4791 nan=0
epoch 70 g=10.3876 d=0.0981 cycle=2.0249 id=6.7129 grad=272.9456 nan=0
epoch 71 g=10.3569 d=0.0955 cycle=2.0034 id=6.7100 grad=276.1173 nan=0
epoch 72 g=10.3561 d=0.0869 cycle=2.0109 id=6.6785 grad=270.0012 nan=0
epoch 73 g=10.2411 d=0.0999 cycle=1.9791 id=6.6264 grad=nan nan=0
epoch 74 g=10.3869 d=0.0838 cycle=2.0258 id=6.6680 grad=284.5338 nan=0
epoch 75 g=10.2610 d=0.0854 cycle=1.9785 id=6.6121 grad=277.0360 nan=0
epoch 76 g=10.1603 d=0.0847 cycle=1.9652 id=6.5175 grad=279.9993 nan=0
epoch 77 g=9.8465 d=0.0869 cycle=1.9072 id=6.2824 grad=268.6081 nan=0
epoch 78 g=9.8909 d=0.0860 cycle=1.9318 id=6.2901 grad=281.8029 nan=0
epoch 79 g=9.8638 d=0.0842 cycle=1.8852 id=6.3030 grad=273.8016 nan=0
epoch 80 g=9.5340 d=0.0947 cycle=1.8635 id=6.0260 grad=270.7567 nan=0
epoch 81 g=9.7091 d=0.0800 cycle=1.8952 id=6.1200 grad=nan nan=0
epoch 82 g=9.6322 d=0.0886 cycle=1.8883 id=6.0854 grad=282.8746 nan=0
epoch 83 g=9.3867 d=0.0839 cycle=1.8283 id=5.9015 grad=266.7169 nan=0
epoch 84 g=9.5632 d=0.0826 cycle=1.8614 id=6.0152 grad=276.7831 nan=0
epoch 85 g=9.3688 d=0.0800 cycle=1.8081 id=5.8789 grad=285.6611 nan=0
epoch 86 g=9.2191 d=0.0870 cycle=1.7874 id=5.7830 grad=287.4136 nan=0
epoch 87 g=9.1642 d=0.0887 cycle=1.8015 id=5.7198 grad=290.8750 nan=0
epoch 88 g=9.1645 d=0.0803 cycle=1.7980 id=5.6836 grad=302.8508 nan=0
epoch 89 g=9.0334 d=0.0883 cycle=1.7721 id=5.6159 grad=302.2537 nan=0
epoch 90 g=9.0928 d=0.0852 cycle=1.7914 id=5.6462 grad=304.8505 nan=0
epoch 91 g=9.0591 d=0.0884 cycle=1.7844 id=5.6406 grad=322.2681 nan=0
epoch 92 g=8.9991 d=0.0918 cycle=1.7635 id=5.5996 grad=325.7084 nan=0
epoch 93 g=8.8633 d=0.0910 cycle=1.7441 id=5.4902 grad=324.2074 nan=0
epoch 94 g=8.6625 d=0.0935 cycle=1.7290 id=5.3186 grad=328.0143 nan=0
epoch 95 g=8.6942 d=0.0963 cycle=1.7100 id=5.3832 grad=nan nan=0
epoch 96 g=8.6461 d=0.0952 cycle=1.7017 id=5.3372 grad=315.3470 nan=0
epoch 97 g=8.5517 d=0.0963 cycle=1.6891 id=5.2576 grad=304.5922 nan=0
epoch 98 g=8.5216 d=0.0941 cycle=1.6759 id=5.2386 grad=286.1822 nan=0
epoch 99 g=8.5608 d=0.0912 cycle=1.6832 id=5.2555 grad=274.2556 nan=0
epoch 100 g=8.5053 d=0.0941 cycle=1.6758 id=5.2234 grad=268.4072 nan=0
