member=sneha_singh smoke=False device=cuda
epochs=80 batch=4 lr=0.0002 lambda_cycle=10.0 lambda_id=5.0 pool=50
epoch 1 g=9.5142 d=0.4678 cycle=5.9246 id=2.7195 grad=inf nan=0
epoch 2 g=8.5420 d=0.3452 cycle=5.2082 id=2.3447 grad=157.9179 nan=0
epoch 3 g=8.0217 d=0.2694 cycle=4.7397 id=2.1797 grad=146.0785 nan=0
epoch 4 g=7.6496 d=0.2470 cycle=4.5141 id=2.0770 grad=144.2256 nan=0
epoch 5 g=7.5285 d=0.2610 cycle=4.4700 id=2.0622 grad=inf nan=0
epoch 6 g=7.4136 d=0.2525 cycle=4.3588 id=2.0093 grad=140.5022 nan=0
epoch 7 g=7.1798 d=0.3016 cycle=4.2206 id=1.9554 grad=134.8354 nan=0
epoch 8 g=7.1188 d=0.2584 cycle=4.1965 id=1.9302 grad=133.9745 nan=0
epoch 9 g=6.9776 d=0.2608 cycle=4.0706 id=1.8918 grad=inf nan=0
epoch 10 g=6.7484 d=0.2883 cycle=3.9459 id=1.8229 grad=125.6371 nan=0
epoch 11 g=6.6044 d=0.2586 cycle=3.8610 id=1.7773 grad=129.5964 nan=0
epoch 12 g=6.5212 d=0.2728 cycle=3.8049 id=1.7402 grad=128.6246 nan=0
epoch 13 g=6.5539 d=0.2574 cycle=3.7914 id=1.7446 grad=131.0048 nan=0
epoch 14 g=6.5203 d=0.2598 cycle=3.7860 id=1.7320 grad=131.1734 nan=0
epoch 15 g=6.3367 d=0.2601 cycle=3.6467 id=1.6835 grad=125.4768 nan=0
epoch 16 g=6.5989 d=0.2495 cycle=3.7681 id=1.7357 grad=132.7583 nan=0
epoch 17 g=6.3949 d=0.2647 cycle=3.6682 id=1.6761 grad=130.3435 nan=0
epoch 18 g=6.2920 d=0.2578 cycle=3.6195 id=1.6590 grad=126.1406 nan=0
epoch 19 g=6.2845 d=0.2536 cycle=3.5922 id=1.6566 grad=129.8671 nan=0
epoch 20 g=6.2701 d=0.3735 cycle=3.5568 id=1.6495 grad=122.4195 nan=0
epoch 21 g=5.8092 d=0.2711 cycle=3.3196 id=1.5521 grad=112.2924 nan=0
epoch 22 g=6.0317 d=0.2446 cycle=3.4352 id=1.5908 grad=118.7365 nan=0
epoch 23 g=6.0460 d=0.2426 cycle=3.4245 id=1.5829 grad=123.1343 nan=0
epoch 24 g=6.1936 d=0.2324 cycle=3.4963 id=1.5998 grad=nan nan=0
epoch 25 g=6.1718 d=0.2331 cycle=3.4770 id=1.6188 grad=123.8659 nan=0
epoch 26 g=6.1148 d=0.2363 cycle=3.4402 id=1.5912 grad=inf nan=0
epoch 27 g=5.8275 d=0.3720 cycle=3.2584 id=1.5185 grad=112.2709 nan=0
epoch 28 g=5.6971 d=0.2968 cycle=3.2863 id=1.5121 grad=113.5250 nan=0
epoch 29 g=5.7331 d=0.2783 cycle=3.2623 id=1.5245 grad=114.1805 nan=0
epoch 30 g=5.7346 d=0.2474 cycle=3.2283 id=1.5191 grad=112.0448 nan=0
epoch 31 g=5.9560 d=0.2262 cycle=3.3184 id=1.5542 grad=116.1509 nan=0
epoch 32 g=6.0084 d=0.2284 cycle=3.3428 id=1.5551 grad=118.8150 nan=0
epoch 33 g=5.9711 d=0.2238 cycle=3.3108 id=1.5382 grad=115.3883 nan=0
epoch 34 g=5.7044 d=0.2418 cycle=3.1260 id=1.4812 grad=109.2488 nan=0
epoch 35 g=5.9139 d=0.2220 cycle=3.2714 id=1.5233 grad=116.3837 nan=0
epoch 36 g=5.7317 d=0.2582 cycle=3.1760 id=1.4926 grad=112.9012 nan=0
epoch 37 g=5.6469 d=0.2300 cycle=3.0895 id=1.4634 grad=110.9565 nan=0
epoch 38 g=5.6549 d=0.2311 cycle=3.1098 id=1.4631 grad=109.9826 nan=0
epoch 39 g=5.6864 d=0.2321 cycle=3.1288 id=1.4625 grad=113.5631 nan=0
epoch 40 g=5.6113 d=0.4254 cycle=3.0637 id=1.4443 grad=106.2262 nan=0
epoch 41 g=5.3178 d=0.2860 cycle=2.9704 id=1.4177 grad=102.0484 nan=0
epoch 42 g=5.3769 d=0.2662 cycle=2.9954 id=1.4203 grad=106.7447 nan=0
epoch 43 g=5.5127 d=0.2414 cycle=3.0442 id=1.4513 grad=105.6953 nan=0
epoch 44 g=5.5939 d=0.2140 cycle=3.0413 id=1.4420 grad=110.5157 nan=0
epoch 45 g=5.6084 d=0.2098 cycle=3.0321 id=1.4295 grad=114.0941 nan=0
epoch 46 g=5.6529 d=0.2079 cycle=3.0644 id=1.4507 grad=117.4694 nan=0
epoch 47 g=5.5245 d=0.2129 cycle=2.9646 id=1.4146 grad=110.0724 nan=0
epoch 48 g=5.5135 d=0.2256 cycle=2.9960 id=1.4164 grad=inf nan=0
epoch 49 g=5.4541 d=0.2206 cycle=2.9482 id=1.4008 grad=119.7703 nan=0
epoch 50 g=5.4730 d=0.2225 cycle=2.9577 id=1.4002 grad=113.0446 nan=0
epoch 51 g=5.4321 d=0.2216 cycle=2.9379 id=1.3842 grad=114.1423 nan=0
epoch 52 g=5.2963 d=0.2198 cycle=2.8567 id=1.3664 grad=109.0483 nan=0
epoch 53 g=5.1444 d=0.2207 cycle=2.7364 id=1.3254 grad=104.7214 nan=0
epoch 54 g=5.1936 d=0.2191 cycle=2.7785 id=1.3314 grad=109.7594 nan=0
epoch 55 g=5.0959 d=0.2184 cycle=2.6876 id=1.3096 grad=103.9956 nan=0
epoch 56 g=5.0837 d=0.2185 cycle=2.6912 id=1.3018 grad=108.2830 nan=0
epoch 57 g=5.1005 d=0.2171 cycle=2.6862 id=1.3103 grad=107.4674 nan=0
epoch 58 g=5.0759 d=0.2164 cycle=2.6645 id=1.2971 grad=inf nan=0
epoch 59 g=4.9916 d=0.2071 cycle=2.6145 id=1.2699 grad=104.4327 nan=0
epoch 60 g=5.0930 d=0.2020 cycle=2.6677 id=1.2862 grad=110.8442 nan=0
epoch 61 g=4.9938 d=0.1975 cycle=2.5960 id=1.2647 grad=113.1168 nan=0
epoch 62 g=4.9978 d=0.1957 cycle=2.5702 id=1.2580 grad=113.1947 nan=0
epoch 63 g=4.9049 d=0.1962 cycle=2.5232 id=1.2283 grad=110.0987 nan=0
epoch 64 g=4.8881 d=0.1956 cycle=2.5116 id=1.2268 grad=110.0868 nan=0
epoch 65 g=4.8848 d=0.1898 cycle=2.4876 id=1.2182 grad=111.7710 nan=0
epoch 66 g=4.9089 d=0.1961 cycle=2.5012 id=1.2312 grad=114.2073 nan=0
epoch 67 g=4.8746 d=0.1867 cycle=2.4833 id=1.2167 grad=115.6027 nan=0
epoch 68 g=4.8222 d=0.1832 cycle=2.4340 id=1.1888 grad=112.9313 nan=0
epoch 69 g=4.8144 d=0.1805 cycle=2.4119 id=1.1993 grad=112.8558 nan=0
epoch 70 g=4.7412 d=0.1765 cycle=2.3785 id=1.1682 grad=117.0396 nan=0
epoch 71 g=4.6910 d=0.1851 cycle=2.3395 id=1.1594 grad=112.2101 nan=0
epoch 72 g=4.7167 d=0.1747 cycle=2.3433 id=1.1559 grad=115.5104 nan=0
epoch 73 g=4.7672 d=0.1748 cycle=2.3593 id=1.1705 grad=121.4844 nan=0
epoch 74 g=4.6978 d=0.1785 cycle=2.3047 id=1.1620 grad=119.4714 nan=0
epoch 75 g=4.7070 d=0.1737 cycle=2.3085 id=1.1620 grad=117.6609 nan=0
epoch 76 g=4.6080 d=0.1773 cycle=2.2370 id=1.1285 grad=112.7165 nan=0
epoch 77 g=4.6421 d=0.1695 cycle=2.2299 id=1.1356 grad=inf nan=0
epoch 78 g=4.5914 d=0.1645 cycle=2.1809 id=1.1060 grad=115.8506 nan=0
epoch 79 g=4.6507 d=0.1618 cycle=2.2168 id=1.1251 grad=114.3394 nan=0
epoch 80 g=4.5739 d=0.1679 cycle=2.1743 id=1.0974 grad=112.8207 nan=0
