member=sneha_singh smoke=False device=cuda run=light ngf=32 diffaugment=color,translation,cutout
epochs=100 batch=4 lr=0.0002 lambda_cycle=10.0 lambda_id=5.0 pool=50 steps_per_epoch=800
epoch 1 g=7.7669 d=0.4064 cycle=4.7479 id=2.1862 grad=inf nan=0
epoch 2 g=6.8344 d=0.3216 cycle=4.0191 id=1.8780 grad=inf nan=0
epoch 3 g=6.4226 d=0.3196 cycle=3.7113 id=1.7391 grad=150.9645 nan=0
epoch 4 g=6.0594 d=0.3233 cycle=3.4756 id=1.6353 grad=149.8540 nan=0
epoch 5 g=5.8291 d=0.3144 cycle=3.3068 id=1.5678 grad=nan nan=0
epoch 6 g=5.6827 d=0.3138 cycle=3.2015 id=1.5173 grad=142.7757 nan=0
epoch 7 g=5.5225 d=0.3096 cycle=3.1011 id=1.4690 grad=139.1432 nan=0
epoch 8 g=5.3353 d=0.3084 cycle=2.9543 id=1.4085 grad=inf nan=0
epoch 9 g=5.2864 d=0.3014 cycle=2.9130 id=1.3911 grad=134.7802 nan=0
epoch 10 g=5.1908 d=0.3011 cycle=2.8485 id=1.3564 grad=129.8132 nan=0
epoch 11 g=5.1448 d=0.2982 cycle=2.8168 id=1.3407 grad=inf nan=0
epoch 12 g=5.0802 d=0.2971 cycle=2.7601 id=1.3108 grad=130.5468 nan=0
epoch 13 g=4.9851 d=0.2944 cycle=2.6978 id=1.2855 grad=inf nan=0
epoch 14 g=5.0201 d=0.2899 cycle=2.7201 id=1.2836 grad=128.9939 nan=0
epoch 15 g=4.9152 d=0.2913 cycle=2.6507 id=1.2563 grad=125.0299 nan=0
epoch 16 g=4.8494 d=0.2868 cycle=2.5974 id=1.2266 grad=nan nan=0
epoch 17 g=4.8624 d=0.2892 cycle=2.6131 id=1.2268 grad=125.0590 nan=0
epoch 18 g=4.7853 d=0.2866 cycle=2.5626 id=1.2065 grad=nan nan=0
epoch 19 g=4.7248 d=0.2851 cycle=2.5195 id=1.1810 grad=120.4997 nan=0
epoch 20 g=4.6469 d=0.2933 cycle=2.4653 id=1.1590 grad=114.4182 nan=0
epoch 21 g=4.6381 d=0.2870 cycle=2.4636 id=1.1516 grad=116.6785 nan=0
epoch 22 g=4.6971 d=0.2775 cycle=2.4854 id=1.1582 grad=inf nan=0
epoch 23 g=4.7194 d=0.2669 cycle=2.4838 id=1.1466 grad=118.3084 nan=0
epoch 24 g=4.6795 d=0.2619 cycle=2.4532 id=1.1421 grad=116.2505 nan=0
epoch 25 g=4.5650 d=0.2701 cycle=2.3916 id=1.1085 grad=111.3799 nan=0
epoch 26 g=4.5181 d=0.2742 cycle=2.3672 id=1.0922 grad=111.9343 nan=0
epoch 27 g=4.5161 d=0.2740 cycle=2.3606 id=1.0931 grad=109.3230 nan=0
epoch 28 g=4.5225 d=0.2641 cycle=2.3576 id=1.0855 grad=110.5888 nan=0
epoch 29 g=4.4835 d=0.2621 cycle=2.3144 id=1.0665 grad=nan nan=0
epoch 30 g=4.4842 d=0.2547 cycle=2.3060 id=1.0672 grad=105.2900 nan=0
epoch 31 g=4.4776 d=0.2612 cycle=2.3137 id=1.0613 grad=nan nan=0
epoch 32 g=4.4908 d=0.3318 cycle=2.2974 id=1.0533 grad=105.6214 nan=0
epoch 33 g=4.2403 d=0.2828 cycle=2.2267 id=1.0265 grad=99.5029 nan=0
epoch 34 g=4.3211 d=0.2548 cycle=2.2290 id=1.0195 grad=100.5320 nan=0
epoch 35 g=4.4246 d=0.2485 cycle=2.2612 id=1.0316 grad=104.1922 nan=0
epoch 36 g=4.3850 d=0.2454 cycle=2.2278 id=1.0165 grad=100.9156 nan=0
epoch 37 g=4.3950 d=0.2360 cycle=2.2182 id=1.0118 grad=nan nan=0
epoch 38 g=4.3750 d=0.2319 cycle=2.1976 id=1.0015 grad=nan nan=0
epoch 39 g=4.4262 d=0.2206 cycle=2.2133 id=0.9992 grad=99.3487 nan=0
epoch 40 g=4.4072 d=0.2257 cycle=2.2006 id=0.9998 grad=100.3920 nan=0
epoch 41 g=4.3977 d=0.2249 cycle=2.1998 id=0.9970 grad=nan nan=0
epoch 42 g=4.4161 d=0.2234 cycle=2.2070 id=0.9994 grad=101.3422 nan=0
epoch 43 g=4.3461 d=0.2243 cycle=2.1626 id=0.9860 grad=98.4642 nan=0
epoch 44 g=4.3092 d=0.2223 cycle=2.1278 id=0.9673 grad=97.2804 nan=0
epoch 45 g=4.3201 d=0.2161 cycle=2.1282 id=0.9628 grad=97.8604 nan=0
epoch 46 g=4.3207 d=0.2177 cycle=2.1274 id=0.9582 grad=97.5197 nan=0
epoch 47 g=4.3167 d=0.2102 cycle=2.1151 id=0.9543 grad=97.3531 nan=0
epoch 48 g=4.3197 d=0.2095 cycle=2.1021 id=0.9483 grad=nan nan=0
epoch 49 g=4.2971 d=0.2059 cycle=2.0866 id=0.9407 grad=95.3717 nan=0
epoch 50 g=4.3248 d=0.1964 cycle=2.0936 id=0.9440 grad=96.8372 nan=0
epoch 51 g=4.3388 d=0.2009 cycle=2.0983 id=0.9443 grad=97.4655 nan=0
epoch 52 g=5.1297 d=1.1878 cycle=2.2307 id=0.9907 grad=nan nan=0
epoch 53 g=3.8769 d=0.3124 cycle=2.0300 id=0.9192 grad=84.4000 nan=0
epoch 54 g=3.8721 d=0.2689 cycle=1.9716 id=0.8953 grad=83.3699 nan=0
epoch 55 g=3.9969 d=0.2173 cycle=1.9754 id=0.8933 grad=85.7666 nan=0
epoch 56 g=4.0930 d=0.1906 cycle=1.9756 id=0.8903 grad=87.7516 nan=0
epoch 57 g=4.1858 d=0.1803 cycle=1.9900 id=0.8960 grad=94.3629 nan=0
epoch 58 g=4.2048 d=0.1756 cycle=1.9858 id=0.8896 grad=95.8909 nan=0
epoch 59 g=4.2104 d=0.1721 cycle=1.9757 id=0.8913 grad=96.5081 nan=0
epoch 60 g=4.2162 d=0.1682 cycle=1.9613 id=0.8765 grad=97.4916 nan=0
epoch 61 g=4.2150 d=0.1625 cycle=1.9486 id=0.8756 grad=nan nan=0
epoch 62 g=4.2270 d=0.1647 cycle=1.9607 id=0.8777 grad=101.4146 nan=0
epoch 63 g=4.1844 d=0.1678 cycle=1.9478 id=0.8708 grad=nan nan=0
epoch 64 g=4.2104 d=0.1658 cycle=1.9444 id=0.8742 grad=101.3898 nan=0
epoch 65 g=4.1779 d=0.1617 cycle=1.9107 id=0.8578 grad=100.2162 nan=0
epoch 66 g=4.1872 d=0.1599 cycle=1.9111 id=0.8569 grad=101.1106 nan=0
epoch 67 g=4.1752 d=0.1548 cycle=1.9001 id=0.8487 grad=101.7981 nan=0
epoch 68 g=4.1433 d=0.1545 cycle=1.8797 id=0.8413 grad=nan nan=0
epoch 69 g=4.1305 d=0.1486 cycle=1.8620 id=0.8372 grad=101.1930 nan=0
epoch 70 g=4.1515 d=0.1476 cycle=1.8651 id=0.8355 grad=102.0656 nan=0
epoch 71 g=4.1521 d=0.1430 cycle=1.8599 id=0.8314 grad=103.0713 nan=0
epoch 72 g=4.1292 d=0.1433 cycle=1.8425 id=0.8240 grad=103.5970 nan=0
epoch 73 g=4.1212 d=0.1428 cycle=1.8312 id=0.8187 grad=103.7526 nan=0
epoch 74 g=4.1319 d=0.1399 cycle=1.8284 id=0.8162 grad=nan nan=0
epoch 75 g=4.0955 d=0.1389 cycle=1.8152 id=0.8138 grad=104.7692 nan=0
epoch 76 g=4.0778 d=0.1379 cycle=1.7934 id=0.8040 grad=106.0826 nan=0
epoch 77 g=4.0830 d=0.1353 cycle=1.7866 id=0.8038 grad=nan nan=0
epoch 78 g=4.0775 d=0.1315 cycle=1.7855 id=0.7996 grad=nan nan=0
epoch 79 g=4.0738 d=0.1324 cycle=1.7799 id=0.8016 grad=109.7308 nan=0
epoch 80 g=4.0659 d=0.1324 cycle=1.7643 id=0.7912 grad=nan nan=0
epoch 81 g=4.0637 d=0.1260 cycle=1.7610 id=0.7890 grad=111.2808 nan=0
epoch 82 g=4.0411 d=0.1277 cycle=1.7419 id=0.7791 grad=110.8719 nan=0
epoch 83 g=4.0401 d=0.1271 cycle=1.7412 id=0.7822 grad=nan nan=0
epoch 84 g=4.0439 d=0.1247 cycle=1.7324 id=0.7770 grad=113.1083 nan=0
epoch 85 g=4.0284 d=0.1227 cycle=1.7183 id=0.7684 grad=115.9452 nan=0
epoch 86 g=3.9887 d=0.1204 cycle=1.7008 id=0.7610 grad=114.4167 nan=0
epoch 87 g=3.9911 d=0.1196 cycle=1.6968 id=0.7604 grad=114.5940 nan=0
epoch 88 g=3.9828 d=0.1163 cycle=1.6760 id=0.7538 grad=nan nan=0
epoch 89 g=3.9821 d=0.1185 cycle=1.6796 id=0.7534 grad=nan nan=0
epoch 90 g=3.9777 d=0.1154 cycle=1.6638 id=0.7482 grad=120.1788 nan=0
epoch 91 g=3.9692 d=0.1135 cycle=1.6564 id=0.7462 grad=120.7251 nan=0
epoch 92 g=3.9751 d=0.1127 cycle=1.6613 id=0.7476 grad=nan nan=0
epoch 93 g=3.9596 d=0.1118 cycle=1.6448 id=0.7394 grad=122.1295 nan=0
epoch 94 g=3.9497 d=0.1083 cycle=1.6348 id=0.7346 grad=121.5969 nan=0
epoch 95 g=3.9510 d=0.1083 cycle=1.6267 id=0.7364 grad=nan nan=0
epoch 96 g=3.9430 d=0.1078 cycle=1.6191 id=0.7337 grad=126.2686 nan=0
epoch 97 g=3.9153 d=0.1056 cycle=1.6058 id=0.7285 grad=124.2664 nan=0
epoch 98 g=3.9312 d=0.1042 cycle=1.6027 id=0.7245 grad=nan nan=0
epoch 99 g=3.9132 d=0.1036 cycle=1.5976 id=0.7230 grad=125.2822 nan=0
epoch 100 g=3.9174 d=0.1024 cycle=1.5865 id=0.7207 grad=124.9417 nan=0
